[
  {
    "Value": "0",
    "Kind": "Text",
    "Fingerprint": {
      "Kind": 4,
      "EncodingLength": 4,
      "Digest": "MA=="
    },
    "EncodingLength": 4,
    "Inspection": "\"0\""
  },
  {
    "Value": "0",
    "Kind": "Text",
    "Fingerprint": {
      "Kind": 4,
      "EncodingLength": 4,
      "Digest": "MA=="
    },
    "EncodingLength": 4,
    "Inspection": "\"0\""
  },
  {
    "Value": "0",
    "Kind": "Text",
    "Fingerprint": {
      "Kind": 4,
      "EncodingLength": 4,
      "Digest": "MA=="
    },
    "EncodingLength": 4,
    "Inspection": "\"0\""
  },
  {
    "Value": "0",
    "Kind": "Text",
    "Fingerprint": {
      "Kind": 4,
      "EncodingLength": 4,
      "Digest": "MA=="
    },
    "EncodingLength": 4,
    "Inspection": "\"0\""
  }
]
