[
  {
    "Value": "test",
    "Kind": "Text",
    "Fingerprint": {
      "Kind": 4,
      "EncodingLength": 7,
      "Digest": "dGVzdA=="
    },
    "EncodingLength": 7,
    "Inspection": "\"test\""
  },
  {
    "Value": 1,
    "Kind": "Integer",
    "Fingerprint": {
      "Kind": 2,
      "EncodingLength": 3,
      "Digest": "AQ=="
    },
    "EncodingLength": 3,
    "Inspection": "1"
  },
  {
    "Value": 0,
    "Kind": "Integer",
    "Fingerprint": {
      "Kind": 2,
      "EncodingLength": 3,
      "Digest": "AA=="
    },
    "EncodingLength": 3,
    "Inspection": "0"
  }
]
